#-----------------------------------------------------------
# Vivado v2024.2 (64-bit)
# SW Build 5239630 on Fri Nov 08 22:35:27 MST 2024
# IP Build 5239520 on Sun Nov 10 16:12:51 MST 2024
# SharedData Build 5239561 on Fri Nov 08 14:39:27 MST 2024
# Start of session at: Tue Jan 28 15:13:03 2025
# Process ID         : 28736
# Current directory  : C:/Users/jayan/Documents/University Of Washington/Education/Masters/2024-2025/Winter/GPU Design Verilog/Project Milestone 1 - Doc and Base Code/src/float/project_1/project_1.runs/synth_1
# Command line       : vivado.exe -log float_add_pipeline_test.vds -product Vivado -mode batch -messageDb vivado.pb -notrace -source float_add_pipeline_test.tcl
# Log file           : C:/Users/jayan/Documents/University Of Washington/Education/Masters/2024-2025/Winter/GPU Design Verilog/Project Milestone 1 - Doc and Base Code/src/float/project_1/project_1.runs/synth_1/float_add_pipeline_test.vds
# Journal file       : C:/Users/jayan/Documents/University Of Washington/Education/Masters/2024-2025/Winter/GPU Design Verilog/Project Milestone 1 - Doc and Base Code/src/float/project_1/project_1.runs/synth_1\vivado.jou
# Running On         : JayanthLaptop
# Platform           : Windows Server 2016 or Windows 10
# Operating System   : 22635
# Processor Detail   : Intel(R) Core(TM) i7-10750H CPU @ 2.60GHz
# CPU Frequency      : 2592 MHz
# CPU Physical cores : 6
# CPU Logical cores  : 12
# Host memory        : 16951 MB
# Swap memory        : 42949 MB
# Total Virtual      : 59901 MB
# Available Virtual  : 33786 MB
#-----------------------------------------------------------
source float_add_pipeline_test.tcl -notrace
